spawn bubblewrap init --manifest https://mhosseinbaghaee-byte.github.io/aegis-app/manifest.json
,-----.        ,--.  ,--.  ,--.
|  |) /_,--.,--|  |-.|  |-.|  |,---.,--.   ,--,--.--.,--,--.,---.
|  .-.  |  ||  | .-. | .-. |  | .-. |  |.'.|  |  .--' ,-.  | .-. |
|  '--' '  ''  | `-' | `-' |  \   --|   .'.   |  |  \ '-'  | '-' '
`------' `----' `---' `---'`--'`----'--'   '--`--'   `--`--|  |-'
                                                           `--'    
Initializing application from Web Manifest:
	-  https://mhosseinbaghaee-byte.github.io/aegis-app/manifest.json
WARNING: Trusted Web Activities are currently incompatible with applications
targeting children under the age of 13. Check out the Play for Families
policies to learn more.
https://play.google.com/console/about/families/

Web app details (1/5)

The application generated by Bubblewrap will open a Progressive Web App when
started from the Android launcher. Please enter the following details about
the PWA:
  
	- Domain: the domain / origin where the PWA is hosted. 
	  Example: example.com

	- URL path: an URL path relative to the root of the origin,
	  opened when the application is started from the home screen.
	  Examples:

		- To open https://example.com/: /
		- To open https://example.com/path-to-pwa/: /path-to-pwa/

[32m?[39m [1mDomain:[22m[0m [0m[2m(mhosseinbaghaee-byte.github.io) [22m[43D[43C[2K[G[32m?[39m [1mDomain:[22m[0m [0m[36mmhosseinbaghaee-byte.github.io[39m[40D[40C
[32m?[39m [1mURL path:[22m[0m [0m[2m(/aegis-app/) [22m[26D[26C[2K[G[32m?[39m [1mURL path:[22m[0m [0m[36m/aegis-app/[39m[23D[23C

Android app details (2/5)

Please, enter details regarding how the Android app will look when installed
into a device:

	- Application name: the name used in most places,
	  including the App information screen and on the Play Store.

	- Short name: an alternate name for the app, limited to
	  12 characters, used on a device launch screen.

	- Application ID: also known as Package Name, this is
	  the unique identifier for the application on an Android device or
	  the Play Store. The name must contain at least two segments,
	  separated by dots, each segment must start with a letter and all
	  characters must be alphanumeric or an underscore (_).

	- Display mode: how the app will be displayed on the
	  device screen when started. The default mode, used by most apps,
	  is standalone. fullscreen causes the device status bar and
	  navigation bars to be removed and is suitable for games or media
	  players. For more information on the status bars and navigation
	  bar on Android, go to:
	   - https://material.io/design/platform-guidance/android-bars.html.

	- Status bar color: sets the status bar color used when the
	  application is in foreground. Example: #7CC0FF

[32m?[39m [1mApplication name:[22m[0m [0m[2m(آگیس AI - دستیار سخت‌گیر تحلیل بازار) [22m[59D[58C[2K[G[32m?[39m [1mApplication name:[22m[0m [0m[36mآگیس AI - دستیار سخت‌گیر تحلیل بازار[39m[56D[55C
[32m?[39m [1mShort name:[22m[0m [0m[2m(آگیس AI) [22m[24D[24C[2K[G[32m?[39m [1mShort name:[22m[0m [0m[36mآگیس AI[39m[21D[21C
[32m?[39m [1mApplication ID:[22m[0m [0m[2m(io.github.mhosseinbaghaee_byte.twa) [22m[55D[55C[2K[G[32m?[39m [1mApplication ID:[22m[0m [0m[36mio.github.mhosseinbaghaee_byte.twa[39m[52D[52C
[32m?[39m [1mStarting version code for the new app version:[22m[0m [0m[2m(1) [22m[53D[53C[2K[G[32m?[39m [1mStarting version code for the new app version:[22m[0m [0m[36m1[39m[50D[50C
[?25l[32m?[39m [1mDisplay mode:[22m[0m [0m[2m(Use arrow keys)[22m
[36m❯ standalone[39m 
  minimal-ui 
  fullscreen 
  fullscreen-sticky 
  browser [10D[10C[2K[1A[2K[1A[2K[1A[2K[1A[2K[1A[2K[G[32m?[39m [1mDisplay mode:[22m[0m [0m[36mstandalone[39m[26D[26C
[?25h[?25l[32m?[39m [1mOrientation:[22m[0m [0m[2m(Use arrow keys)[22m
  any 
  natural 
  landscape 
[36m❯ portrait[39m 
  portrait-primary 
  portrait-secondary 
  landscape-primary 
[2m(Move up and down to reveal more choices)[22m[41D[41C[2K[1A[2K[1A[2K[1A[2K[1A[2K[1A[2K[1A[2K[1A[2K[1A[2K[G[32m?[39m [1mOrientation:[22m[0m [0m[36mportrait[39m[23D[23C
[?25h[32m?[39m [1mStatus bar color:[22m[0m [0m[2m(#0D1117) [22m[30D[30C[2K[G[32m?[39m [1mStatus bar color:[22m[0m [0m[36m#0D1117[39m[27D[27C

Launcher icons and splash screen (3/5)

The Android app requires an image for the launcher icon. It also displays a
splash screen while the web content is loading, to avoid displaying a flash of
a blank white page to users. 

	- Splash screen color: sets the background colour used for the
	  splash screen. Example: #7CC0FF

	- Icon URL: URL to an image that is at least 512x512px. Used to
	  generate the launcher icon for the application and the image for
	  the splash screen.

	- Maskable Icon URL (Optional): URL to an image that is at least
	  512x512px to be used when generating maskable icons. Maskable
	  icons should look good when their edges are removed by an icon
	  mask. They will be used to display adaptive launcher icons on the
	  Android home screen.

[32m?[39m [1mSplash screen color:[22m[0m [0m[2m(#0D1117) [22m[33D[33C[2K[G[32m?[39m [1mSplash screen color:[22m[0m [0m[36m#0D1117[39m[30D[30C
[32m?[39m [1mIcon URL:[22m[0m [0m[2m(https://mhosseinbaghaee-byte.github.io/aegis-app/icon-512.png) [22m[76D[76C[2K[G[32m?[39m [1mIcon URL:[22m[0m [0m[36mhttps://mhosseinbaghaee-byte.github.io/aegis-app/icon-512.png[39m[73D[73C
[32m?[39m [1mMaskable icon URL:[22m[0m 
[0m[2m(https://mhosseinbaghaee-byte.github.io/aegis-app/icon-512.png) [22m[1A[64D[85C[1B[2K[1A[2K[G[32m?[39m [1mMaskable icon URL:[22m[0m 
[0m[36mhttps://mhosseinbaghaee-byte.github.io/aegis-app/icon-512.png[39m[1A[61D[82C
[1B
Optional Features (4/5)

	- Include app shortcuts: This question is only prompted if a
	  'shortcuts' section is available on the input Web Manifest. When
	  answered “yes”, Bubblewrap uses the information to generate
	  shortcuts on the Android app. Read more about app shortcuts at
	  https://web.dev/app-shortcuts/.

	- Monochrome icon URL: URL to an image that is at least 48x48px to
	  be used when generating monochrome icons. Monochrome icons should
	  look good when displayed with a single color, the PWA's
	  theme_color. They will be used for notification icons.

[32m?[39m [1mMonochrome icon URL:[22m[0m [0m[2m() [22m[26D[26C[2K[G[32m?[39m [1mMonochrome icon URL:[22m[0m [0m[23D[23C
[32m?[39m [1mInclude support for Play Billing?[22m[0m [0m[2m(y/N) [22m[42D[42C[2K[G[32m?[39m [1mInclude support for Play Billing?[22m[0m [0m[36mNo[39m[38D[38C
[32m?[39m [1mRequest geolocation permission?[22m[0m [0m[2m(y/N) [22m[40D[40C[2K[G[32m?[39m [1mRequest geolocation permission?[22m[0m [0m[36mNo[39m[36D[36C

Signing key information (5/5)

Please, enter information about the key store containing the keys that will be used
to sign the application. If a key store does not exist on the provided path,
Bubblewrap will prompt for the creation of a new keystore.

	- Key store location: The location of the key store in the file
	  system.

	- Key name: The alias used on the key.

Read more about Android signing keys at:
	 https://developer.android.com/studio/publish/app-signing

[32m?[39m [1mKey store location:[22m[0m 
[0m[2m(/home/runner/work/aegis-app/aegis-app/android-build/android.keystore) [22m[1A[71D[93C[1B[2K[1A[2K[G[32m?[39m [1mKey store location:[22m[0m 
[0m[36m/home/runner/work/aegis-app/aegis-app/android-build/android.keystore[39m[1A[68D[90C
[1B[32m?[39m [1mKey name:[22m[0m [0m[2m(android) [22m[22D[22C[2K[G[32m?[39m [1mKey name:[22m[0m [0m[36mandroid[39m[19D[19C
Generating Android Project.
7[?7l[1G >> [░░░░░░░░░░░░░░░░░░░░░░░░░░░░░░░░░░░░░░░░] 0%[0K[1G >> [██████████████████░░░░░░░░░░░░░░░░░░░░░░] 44%[0K[1G >> [██████████████████████░░░░░░░░░░░░░░░░░░] 55%[0K[1G >> [███████████████████████████████░░░░░░░░░] 77%[0K[1G >> [████████████████████████████████████░░░░] 88%[0K[1G >> [████████████████████████████████████████] 100%[0K[?7h8

Signing key creation

An existing key store could not be found at "/home/runner/work/aegis-app/aegis-app/android-build/android.keystore".

[32m?[39m [1mDo you want to create one now?[22m[0m [0m[2m(Y/n) [22m[39D[39C[2K[G[32m?[39m [1mDo you want to create one now?[22m[0m [0m[36mYes[39m[36D[36C
[32m?[39m [1mFirst and Last names (eg: John Doe):[22m[0m [0m[39D[39C[2K[G[32m?[39m [1mFirst and Last names (eg: John Doe):[22m[0m [0m
[31m>> [39mMinimum length is 1 but input is 0.[1A[38D[39C[1B[2K[1A[2K[G[32m?[39m [1mFirst and Last names (eg: John Doe):[22m[0m [0m
[31m>> [39mMinimum length is 1 but input is 0.[1A[38D[39C[1B[2K[1A[2K[G[32m?[39m [1mFirst and Last names (eg: John Doe):[22m[0m [0m
[31m>> [39mMinimum length is 1 but input is 0.[1A[38D[39C[1B[2K[1A[2K[G[32m?[39m [1mFirst and Last names (eg: John Doe):[22m[0m [0m
[31m>> [39mMinimum length is 1 but input is 0.[1A[38D[39C[1B[2K[1A[2K[G[32m?[39m [1mFirst and Last names (eg: John Doe):[22m[0m [0m
[31m>> [39mMinimum length is 1 but input is 0.[1A[38D[39C[1B[2K[1A[2K[G[32m?[39m [1mFirst and Last names (eg: John Doe):[22m[0m [0m
[31m>> [39mMinimum length is 1 but input is 0.[1A[38D[39C[1B[2K[1A[2K[G[32m?[39m [1mFirst and Last names (eg: John Doe):[22m[0m [0m
[31m>> [39mMinimum length is 1 but input is 0.[1A[38D[39C[1B[2K[1A[2K[G[32m?[39m [1mFirst and Last names (eg: John Doe):[22m[0m [0m
[31m>> [39mMinimum length is 1 but input is 0.[1A[38D[39C[1B[2K[1A[2K[G[32m?[39m [1mFirst and Last names (eg: John Doe):[22m[0m [0m
[31m>> [39mMinimum length is 1 but input is 0.[1A[38D[39C[1B[2K[1A[2K[G[32m?[39m [1mFirst and Last names (eg: John Doe):[22m[0m [0m
[31m>> [39mMinimum length is 1 but input is 0.[1A[38D[39C[1B[2K[1A[2K[G[32m?[39m [1mFirst and Last names (eg: John Doe):[22m[0m [0m
[31m>> [39mMinimum length is 1 but input is 0.[1A[38D[39C[1B[2K[1A[2K[G[32m?[39m [1mFirst and Last names (eg: John Doe):[22m[0m [0m
[31m>> [39mMinimum length is 1 but input is 0.[1A[38D[39C[1B[2K[1A[2K[G[32m?[39m [1mFirst and Last names (eg: John Doe):[22m[0m [0m
[31m>> [39mMinimum length is 1 but input is 0.[1A[38D[39C[1B[2K[1A[2K[G[32m?[39m [1mFirst and Last names (eg: John Doe):[22m[0m [0m
[31m>> [39mMinimum length is 1 but input is 0.[1A[38D[39C[1B[2K[1A[2K[G[32m?[39m [1mFirst and Last names (eg: John Doe):[22m[0m [0m
[31m>> [39mMinimum length is 1 but input is 0.[1A[38D[39C[1B[2K[1A[2K[G[32m?[39m [1mFirst and Last names (eg: John Doe):[22m[0m [0m
[31m>> [39mMinimum length is 1 but input is 0.[1A[38D[39C[1B[2K[1A[2K[G[32m?[39m [1mFirst and Last names (eg: John Doe):[22m[0m [0m
[31m>> [39mMinimum length is 1 but input is 0.[1A[38D[39C[1B[2K[1A[2K[G[32m?[39m [1mFirst and Last names (eg: John Doe):[22m[0m [0m
[31m>> [39mMinimum length is 1 but input is 0.[1A[38D[39C[1B[2K[1A[2K[G[32m?[39m [1mFirst and Last names (eg: John Doe):[22m[0m [0m
[31m>> [39mMinimum length is 1 but input is 0.[1A[38D[39C[1B[2K[1A[2K[G[32m?[39m [1mFirst and Last names (eg: John Doe):[22m[0m [0m
[31m>> [39mMinimum length is 1 but input is 0.[1A[38D[39C[1B[2K[1A[2K[G[32m?[39m [1mFirst and Last names (eg: John Doe):[22m[0m [0m
[31m>> [39mMinimum length is 1 but input is 0.[1A[38D[39C[1B[2K[1A[2K[G[32m?[39m [1mFirst and Last names (eg: John Doe):[22m[0m [0m
[31m>> [39mMinimum length is 1 but input is 0.[1A[38D[39C[1B[2K[1A[2K[G[32m?[39m [1mFirst and Last names (eg: John Doe):[22m[0m [0m
[31m>> [39mMinimum length is 1 but input is 0.[1A[38D[39C[1B[2K[1A[2K[G[32m?[39m [1mFirst and Last names (eg: John Doe):[22m[0m [0m
[31m>> [39mMinimum length is 1 but input is 0.[1A[38D[39C[1B[2K[1A[2K[G[32m?[39m [1mFirst and Last names (eg: John Doe):[22m[0m [0m
[31m>> [39mMinimum length is 1 but input is 0.[1A[38D[39C[1B[2K[1A[2K[G[32m?[39m [1mFirst and Last names (eg: John Doe):[22m[0m [0m
[31m>> [39mMinimum length is 1 but input is 0.[1A[38D[39C[1B[2K[1A[2K[G[32m?[39m [1mFirst and Last names (eg: John Doe):[22m[0m [0m
[31m>> [39mMinimum length is 1 but input is 0.[1A[38D[39C[1B[2K[1A[2K[G[32m?[39m [1mFirst and Last names (eg: John Doe):[22m[0m [0m
[31m>> [39mMinimum length is 1 but input is 0.[1A[38D[39C[1B[2K[1A[2K[G[32m?[39m [1mFirst and Last names (eg: John Doe):[22m[0m [0m
[31m>> [39mMinimum length is 1 but input is 0.[1A[38D[39C[1B[2K[1A[2K[G[32m?[39m [1mFirst and Last names (eg: John Doe):[22m[0m [0m
[31m>> [39mMinimum length is 1 but input is 0.[1A[38D[39C[1B[2K[1A[2K[G[32m?[39m [1mFirst and Last names (eg: John Doe):[22m[0m [0m
[31m>> [39mMinimum length is 1 but input is 0.[1A[38D[39C[1B[2K[1A[2K[G[32m?[39m [1mFirst and Last names (eg: John Doe):[22m[0m [0m
[31m>> [39mMinimum length is 1 but input is 0.[1A[38D[39C[1B[2K[1A[2K[G[32m?[39m [1mFirst and Last names (eg: John Doe):[22m[0m [0m
[31m>> [39mMinimum length is 1 but input is 0.[1A[38D[39C[1B[2K[1A[2K[G[32m?[39m [1mFirst and Last names (eg: John Doe):[22m[0m [0m
[31m>> [39mMinimum length is 1 but input is 0.[1A[38D[39C[1B[2K[1A[2K[G[32m?[39m [1mFirst and Last names (eg: John Doe):[22m[0m [0m
[31m>> [39mMinimum length is 1 but input is 0.[1A[38D[39C[1B[2K[1A[2K[G[32m?[39m [1mFirst and Last names (eg: John Doe):[22m[0m [0m
[31m>> [39mMinimum length is 1 but input is 0.[1A[38D[39C[1B[2K[1A[2K[G[32m?[39m [1mFirst and Last names (eg: John Doe):[22m[0m [0m
[31m>> [39mMinimum length is 1 but input is 0.[1A[38D[39C[1B[2K[1A[2K[G[32m?[39m [1mFirst and Last names (eg: John Doe):[22m[0m [0m
[31m>> [39mMinimum length is 1 but input is 0.[1A[38D[39C[1B[2K[1A[2K[G[32m?[39m [1mFirst and Last names (eg: John Doe):[22m[0m [0m
[31m>> [39mMinimum length is 1 but input is 0.[1A[38D[39C[1B[2K[1A[2K[G[32m?[39m [1mFirst and Last names (eg: John Doe):[22m[0m [0m
[31m>> [39mMinimum length is 1 but input is 0.[1A[38D[39C[1B[2K[1A[2K[G[32m?[39m [1mFirst and Last names (eg: John Doe):[22m[0m [0m
[31m>> [39mMinimum length is 1 but input is 0.[1A[38D[39C[1B[2K[1A[2K[G[32m?[39m [1mFirst and Last names (eg: John Doe):[22m[0m [0m
[31m>> [39mMinimum length is 1 but input is 0.[1A[38D[39C[1B[2K[1A[2K[G[32m?[39m [1mFirst and Last names (eg: John Doe):[22m[0m [0m
[31m>> [39mMinimum length is 1 but input is 0.[1A[38D[39C[1B[2K[1A[2K[G[32m?[39m [1mFirst and Last names (eg: John Doe):[22m[0m [0m
[31m>> [39mMinimum length is 1 but input is 0.[1A[38D[39C[1B[2K[1A[2K[G[32m?[39m [1mFirst and Last names (eg: John Doe):[22m[0m [0m
[31m>> [39mMinimum length is 1 but input is 0.[1A[38D[39C[1B[2K[1A[2K[G[32m?[39m [1mFirst and Last names (eg: John Doe):[22m[0m [0m
[31m>> [39mMinimum length is 1 but input is 0.[1A[38D[39C[1B[2K[1A[2K[G[32m?[39m [1mFirst and Last names (eg: John Doe):[22m[0m [0m
[31m>> [39mMinimum length is 1 but input is 0.[1A[38D[39C[1B[2K[1A[2K[G[32m?[39m [1mFirst and Last names (eg: John Doe):[22m[0m [0m
[31m>> [39mMinimum length is 1 but input is 0.[1A[38D[39C[1B[2K[1A[2K[G[32m?[39m [1mFirst and Last names (eg: John Doe):[22m[0m [0m
[31m>> [39mMinimum length is 1 but input is 0.[1A[38D[39C[1B[2K[1A[2K[G[32m?[39m [1mFirst and Last names (eg: John Doe):[22m[0m [0m
[31m>> [39mMinimum length is 1 but input is 0.[1A[38D[39C[1B[2K[1A[2K[G[32m?[39m [1mFirst and Last names (eg: John Doe):[22m[0m [0m
[31m>> [39mMinimum length is 1 but input is 0.[1A[38D[39C[1B[2K[1A[2K[G[32m?[39m [1mFirst and Last names (eg: John Doe):[22m[0m [0m
[31m>> [39mMinimum length is 1 but input is 0.[1A[38D[39C[1B[2K[1A[2K[G[32m?[39m [1mFirst and Last names (eg: John Doe):[22m[0m [0m
[31m>> [39mMinimum length is 1 but input is 0.[1A[38D[39C[1B[2K[1A[2K[G[32m?[39m [1mFirst and Last names (eg: John Doe):[22m[0m [0m
[31m>> [39mMinimum length is 1 but input is 0.[1A[38D[39C[1B[2K[1A[2K[G[32m?[39m [1mFirst and Last names (eg: John Doe):[22m[0m [0m
[31m>> [39mMinimum length is 1 but input is 0.[1A[38D[39C[1B[2K[1A[2K[G[32m?[39m [1mFirst and Last names (eg: John Doe):[22m[0m [0m
[31m>> [39mMinimum length is 1 but input is 0.[1A[38D[39C[1B[2K[1A[2K[G[32m?[39m [1mFirst and Last names (eg: John Doe):[22m[0m [0m
[31m>> [39mMinimum length is 1 but input is 0.[1A[38D[39C[1B[2K[1A[2K[G[32m?[39m [1mFirst and Last names (eg: John Doe):[22m[0m [0m
[31m>> [39mMinimum length is 1 but input is 0.[1A[38D[39C[1B[2K[1A[2K[G[32m?[39m [1mFirst and Last names (eg: John Doe):[22m[0m [0m
[31m>> [39mMinimum length is 1 but input is 0.[1A[38D[39C[1B[2K[1A[2K[G[32m?[39m [1mFirst and Last names (eg: John Doe):[22m[0m [0m
[31m>> [39mMinimum length is 1 but input is 0.[1A[38D[39C[1B[2K[1A[2K[G[32m?[39m [1mFirst and Last names (eg: John Doe):[22m[0m [0m
[31m>> [39mMinimum length is 1 but input is 0.[1A[38D[39C[1B[2K[1A[2K[G[32m?[39m [1mFirst and Last names (eg: John Doe):[22m[0m [0m
[31m>> [39mMinimum length is 1 but input is 0.[1A[38D[39CLOOP_GUARD_TRIGGERED after 81 steps
> Task :app:generateShorcutsFile UP-TO-DATE
> Task :app:preBuild UP-TO-DATE
> Task :app:preReleaseBuild UP-TO-DATE
> Task :app:mergeReleaseJniLibFolders
> Task :app:mergeReleaseNativeLibs NO-SOURCE
> Task :app:stripReleaseDebugSymbols NO-SOURCE
> Task :app:extractReleaseNativeSymbolTables NO-SOURCE
> Task :app:mergeReleaseNativeDebugMetadata NO-SOURCE
> Task :app:javaPreCompileRelease
> Task :app:checkReleaseDuplicateClasses
> Task :app:checkReleaseAarMetadata
> Task :app:generateReleaseResValues
> Task :app:mapReleaseSourceSetPaths
> Task :app:generateReleaseResources
> Task :app:packageReleaseResources
> Task :app:mergeReleaseResources
> Task :app:createReleaseCompatibleScreenManifests
> Task :app:extractDeepLinksRelease
> Task :app:parseReleaseLocalResources

> Task :app:processReleaseMainManifest
package="io.github.mhosseinbaghaee_byte.twa" found in source AndroidManifest.xml: /home/runner/work/aegis-app/aegis-app/android-build/app/src/main/AndroidManifest.xml.
Setting the namespace via the package attribute in the source AndroidManifest.xml is no longer supported, and the value is ignored.
Recommendation: remove package="io.github.mhosseinbaghaee_byte.twa" from the source AndroidManifest.xml: /home/runner/work/aegis-app/aegis-app/android-build/app/src/main/AndroidManifest.xml.

> Task :app:processReleaseManifest
> Task :app:processReleaseManifestForPackage
> Task :app:mergeReleaseArtProfile
> Task :app:extractProguardFiles
> Task :app:processReleaseJavaRes NO-SOURCE
> Task :app:mergeReleaseStartupProfile
> Task :app:mergeReleaseShaders
> Task :app:compileReleaseShaders NO-SOURCE
> Task :app:generateReleaseAssets UP-TO-DATE
> Task :app:mergeReleaseAssets
> Task :app:compressReleaseAssets
> Task :app:processReleaseResources
> Task :app:extractReleaseVersionControlInfo
> Task :app:mergeReleaseJavaResource
> Task :app:compileReleaseJavaWithJavac
> Task :app:mergeReleaseGeneratedProguardFiles
> Task :app:collectReleaseDependencies
> Task :app:sdkReleaseDependencyData
> Task :app:writeReleaseAppMetadata
> Task :app:writeReleaseSigningConfigVersions
> Task :app:optimizeReleaseResources
> Task :app:expandReleaseArtProfileWildcards
> Task :app:minifyReleaseWithR8
> Task :app:compileReleaseArtProfile
> Task :app:packageRelease
> Task :app:createReleaseApkListingFileRedirect
> Task :app:assembleRelease
[Incubating] Problems report is available at: file:///home/runner/work/aegis-app/aegis-app/android-build/build/reports/problems/problems-report.html

Deprecated Gradle features were used in this build, making it incompatible with Gradle 9.0.

You can use '--warning-mode all' to show the individual deprecation warnings and determine if they come from your own scripts or plugins.

For more on this, please refer to https://docs.gradle.org/8.11.1/userguide/command_line_interface.html#sec:command_line_warnings in the Gradle documentation.

BUILD SUCCESSFUL in 1m 9s
36 actionable tasks: 36 executed
